// Jest Snapshot v1, https://goo.gl/fbAQLP

exports[`<NumberField /> should match snapshot 1`] = `
<DocumentFragment>
  <div
    class="sc-bdfBQB TpSNq"
  >
    <label
      class="sc-pGacB liSCmd"
      for="numberMock"
    >
      <p
        class="sc-dlfnuX cALFVY"
        color="contrast"
      >
        Number Label 
      </p>
    </label>
    <div
      class="sc-kEjbQP NJzOK"
    >
      <div
        class="sc-dQoVA cosYkr"
      >
        <span
          class="sc-crrszt fQFtWD material-icons"
          color="system"
        >
          expand_more
        </span>
      </div>
      <input
        class="sc-jrAFXE hLRQfv"
        name="numberMock"
        placeholder="number placeholder"
        type="number"
        value=""
      />
      <div
        class="sc-dQoVA itcOIr"
      >
        <span
          class="sc-crrszt fQFtWD material-icons"
          color="system"
        >
          expand_less
        </span>
      </div>
    </div>
    <span
      class="sc-iqHYmW fBDEii"
    >
      <p
        class="sc-dlfnuX cALFVY"
        color="contrast"
      >
        Helper Text
      </p>
    </span>
  </div>
</DocumentFragment>
`;
